2026-07-15T03:43:47.088346 game_id=3899640601 error=HTTPSConnectionPool(host='api.opendota.com', port=443): Read timed out. (read timeout=30)
2026-07-15T03:44:12.199383 game_id=3899726029 error=522 Server Error: <none> for url: https://api.opendota.com/api/matches/3899726029
2026-07-15T03:44:36.773461 game_id=3899867571 error=522 Server Error: <none> for url: https://api.opendota.com/api/matches/3899867571
2026-07-15T03:44:43.060567 game_id=3899984103 error=521 Server Error: <none> for url: https://api.opendota.com/api/matches/3899984103
2026-07-15T03:44:48.338867 game_id=3900169897 error=521 Server Error: <none> for url: https://api.opendota.com/api/matches/3900169897
2026-07-15T03:44:53.620774 game_id=3900280991 error=521 Server Error: <none> for url: https://api.opendota.com/api/matches/3900280991
2026-07-15T03:44:58.908183 game_id=3900489066 error=521 Server Error: <none> for url: https://api.opendota.com/api/matches/3900489066
2026-07-15T03:45:04.221508 game_id=3900655955 error=521 Server Error: <none> for url: https://api.opendota.com/api/matches/3900655955
2026-07-15T03:45:09.527385 game_id=3902374443 error=521 Server Error: <none> for url: https://api.opendota.com/api/matches/3902374443
2026-07-15T03:45:14.831422 game_id=3902498542 error=521 Server Error: <none> for url: https://api.opendota.com/api/matches/3902498542
2026-07-15T03:45:20.109627 game_id=3902849890 error=521 Server Error: <none> for url: https://api.opendota.com/api/matches/3902849890
2026-07-15T03:45:55.116881 game_id=3902979731 error=HTTPSConnectionPool(host='api.opendota.com', port=443): Read timed out. (read timeout=30)
2026-07-15T08:09:14.129038 search player=Fly error=HTTPSConnectionPool(host='api.opendota.com', port=443): Read timed out. (read timeout=30)
2026-07-15T08:46:28.464595 map player=Mirakel error=HTTPSConnectionPool(host='api.opendota.com', port=443): Read timed out. (read timeout=30)
2026-07-15T08:47:04.546934 map player=Mirakel error=HTTPSConnectionPool(host='api.opendota.com', port=443): Read timed out. (read timeout=30)
2026-07-15T08:47:40.689138 map player=Mirakel error=HTTPSConnectionPool(host='api.opendota.com', port=443): Read timed out. (read timeout=30)
2026-07-15T08:50:12.795931 map player=Luffy error=HTTPSConnectionPool(host='api.opendota.com', port=443): Read timed out. (read timeout=30)
2026-07-15T08:50:48.432113 map player=Luffy error=HTTPSConnectionPool(host='api.opendota.com', port=443): Read timed out. (read timeout=30)
2026-07-15T08:51:24.508206 map player=Luffy error=HTTPSConnectionPool(host='api.opendota.com', port=443): Read timed out. (read timeout=30)
2026-07-15T08:54:29.047268 map player=Luffy error=HTTPSConnectionPool(host='api.opendota.com', port=443): Read timed out. (read timeout=30)
2026-07-15T08:55:05.292616 map player=Luffy error=HTTPSConnectionPool(host='api.opendota.com', port=443): Read timed out. (read timeout=30)
2026-07-15T08:55:41.385879 map player=Luffy error=HTTPSConnectionPool(host='api.opendota.com', port=443): Read timed out. (read timeout=30)
2026-07-15T08:56:17.407165 map player=Luffy error=HTTPSConnectionPool(host='api.opendota.com', port=443): Read timed out. (read timeout=30)
2026-07-15T08:58:45.073456 map player=Frame error=HTTPSConnectionPool(host='api.opendota.com', port=443): Read timed out. (read timeout=30)
2026-07-15T09:02:52.771243 map player=Allyson error=HTTPSConnectionPool(host='api.opendota.com', port=443): Read timed out. (read timeout=30)
2026-07-15T09:03:28.839835 map player=Ribo error=HTTPSConnectionPool(host='api.opendota.com', port=443): Read timed out. (read timeout=30)
2026-07-15T09:07:01.368014 map player=Boris error=HTTPSConnectionPool(host='api.opendota.com', port=443): Read timed out. (read timeout=30)
2026-07-15T09:07:37.310737 map player=Boris error=HTTPSConnectionPool(host='api.opendota.com', port=443): Read timed out. (read timeout=30)
2026-07-15T09:10:59.816436 map player=Boris error=HTTPSConnectionPool(host='api.opendota.com', port=443): Read timed out. (read timeout=30)
2026-07-15T09:11:35.268095 map player=Boris error=HTTPSConnectionPool(host='api.opendota.com', port=443): Read timed out. (read timeout=30)
2026-07-15T09:12:10.727642 map player=Boris error=HTTPSConnectionPool(host='api.opendota.com', port=443): Read timed out. (read timeout=30)
2026-07-15T09:12:46.210819 map player=Boris error=HTTPSConnectionPool(host='api.opendota.com', port=443): Read timed out. (read timeout=30)
2026-07-15T09:15:06.073253 map player=Boris error=HTTPSConnectionPool(host='api.opendota.com', port=443): Read timed out. (read timeout=30)
2026-07-15T09:15:41.519532 map player=Boris error=HTTPSConnectionPool(host='api.opendota.com', port=443): Read timed out. (read timeout=30)
2026-07-15T09:19:07.422478 map player=Boris error=HTTPSConnectionPool(host='api.opendota.com', port=443): Read timed out. (read timeout=30)
2026-07-15T09:19:43.014263 map player=Boris error=HTTPSConnectionPool(host='api.opendota.com', port=443): Read timed out. (read timeout=30)
2026-07-15T09:20:18.508532 map player=Boris error=HTTPSConnectionPool(host='api.opendota.com', port=443): Read timed out. (read timeout=30)
2026-07-15T09:23:19.930295 map player=Boris error=HTTPSConnectionPool(host='api.opendota.com', port=443): Read timed out. (read timeout=30)
2026-07-15T09:23:55.389959 map player=Boris error=HTTPSConnectionPool(host='api.opendota.com', port=443): Read timed out. (read timeout=30)
2026-07-15T09:24:30.905644 map player=Boris error=HTTPSConnectionPool(host='api.opendota.com', port=443): Read timed out. (read timeout=30)
2026-07-15T09:25:06.494899 map player=Boris error=HTTPSConnectionPool(host='api.opendota.com', port=443): Read timed out. (read timeout=30)
2026-07-15T09:25:41.941385 map player=Boris error=HTTPSConnectionPool(host='api.opendota.com', port=443): Read timed out. (read timeout=30)
2026-07-15T09:26:17.297603 map player=Boris error=HTTPSConnectionPool(host='api.opendota.com', port=443): Read timed out. (read timeout=30)
2026-07-15T09:26:52.785979 map player=Boris error=HTTPSConnectionPool(host='api.opendota.com', port=443): Read timed out. (read timeout=30)
2026-07-15T09:27:28.284941 map player=Boris error=HTTPSConnectionPool(host='api.opendota.com', port=443): Read timed out. (read timeout=30)
2026-07-15T09:28:03.757921 map player=Boris error=HTTPSConnectionPool(host='api.opendota.com', port=443): Read timed out. (read timeout=30)
2026-07-15T09:28:39.228153 map player=Boris error=HTTPSConnectionPool(host='api.opendota.com', port=443): Read timed out. (read timeout=30)
2026-07-15T09:29:14.748650 map player=Boris error=HTTPSConnectionPool(host='api.opendota.com', port=443): Read timed out. (read timeout=30)
2026-07-15T09:31:32.407220 map player=Boris error=HTTPSConnectionPool(host='api.opendota.com', port=443): Read timed out. (read timeout=30)
2026-07-15T09:32:08.172704 map player=Boris error=HTTPSConnectionPool(host='api.opendota.com', port=443): Read timed out. (read timeout=30)
2026-07-15T09:32:43.656502 map player=Boris error=HTTPSConnectionPool(host='api.opendota.com', port=443): Read timed out. (read timeout=30)
2026-07-15T09:35:51.266225 map player=Boris error=HTTPSConnectionPool(host='api.opendota.com', port=443): Read timed out. (read timeout=30)
2026-07-15T09:40:08.422101 map player=Boris error=HTTPSConnectionPool(host='api.opendota.com', port=443): Read timed out. (read timeout=30)
2026-07-15T09:43:49.083510 map player=Boris error=HTTPSConnectionPool(host='api.opendota.com', port=443): Read timed out. (read timeout=30)
2026-07-15T09:44:24.752470 map player=Boris error=HTTPSConnectionPool(host='api.opendota.com', port=443): Read timed out. (read timeout=30)
2026-07-15T09:47:51.919029 map player=Boris error=HTTPSConnectionPool(host='api.opendota.com', port=443): Read timed out. (read timeout=30)
2026-07-15T09:48:27.524514 map player=Boris error=HTTPSConnectionPool(host='api.opendota.com', port=443): Read timed out. (read timeout=30)
2026-07-15T09:49:03.019778 map player=Boris error=HTTPSConnectionPool(host='api.opendota.com', port=443): Read timed out. (read timeout=30)
2026-07-15T09:49:38.479662 map player=Boris error=HTTPSConnectionPool(host='api.opendota.com', port=443): Read timed out. (read timeout=30)
2026-07-15T09:51:57.150160 map player=Boris error=HTTPSConnectionPool(host='api.opendota.com', port=443): Read timed out. (read timeout=30)
2026-07-15T09:52:32.653176 map player=Boris error=HTTPSConnectionPool(host='api.opendota.com', port=443): Read timed out. (read timeout=30)
2026-07-15T09:53:08.228661 map player=Boris error=HTTPSConnectionPool(host='api.opendota.com', port=443): Read timed out. (read timeout=30)
2026-07-15T09:53:43.707629 map player=Boris error=HTTPSConnectionPool(host='api.opendota.com', port=443): Read timed out. (read timeout=30)
2026-07-15T09:55:35.112062 map player=Boris error=HTTPSConnectionPool(host='api.opendota.com', port=443): Read timed out. (read timeout=30)
2026-07-15T09:59:06.366566 game_id=4139142146 error=521 Server Error: <none> for url: https://api.opendota.com/api/matches/4139142146
2026-07-15T09:59:41.371946 game_id=4139796999 error=HTTPSConnectionPool(host='api.opendota.com', port=443): Read timed out. (read timeout=30)
2026-07-15T10:00:16.872095 game_id=4139940189 error=HTTPSConnectionPool(host='api.opendota.com', port=443): Read timed out. (read timeout=30)
2026-07-15T10:01:10.791344 map player=JinduJUN error=HTTPSConnectionPool(host='api.opendota.com', port=443): Read timed out. (read timeout=30)
2026-07-15T10:01:46.224707 map player=JinduJUN error=HTTPSConnectionPool(host='api.opendota.com', port=443): Read timed out. (read timeout=30)
2026-07-15T10:02:21.685451 map player=JinduJUN error=HTTPSConnectionPool(host='api.opendota.com', port=443): Read timed out. (read timeout=30)
2026-07-15T10:02:57.163589 map player=Ari error=HTTPSConnectionPool(host='api.opendota.com', port=443): Read timed out. (read timeout=30)
2026-07-16T02:31:31.242063 map player=Frempo error=('Connection aborted.', ConnectionResetError(10054, 'An existing connection was forcibly closed by the remote host', None, 10054, None))
2026-07-16T02:39:01.474128 map player=Palos error=HTTPSConnectionPool(host='api.opendota.com', port=443): Read timed out. (read timeout=30)
2026-07-16T03:11:50.296140 map player=Loda error=HTTPSConnectionPool(host='api.opendota.com', port=443): Read timed out. (read timeout=30)
2026-07-16T03:32:42.543002 map player=Loda error=HTTPSConnectionPool(host='api.opendota.com', port=443): Read timed out. (read timeout=30)
2026-07-16T03:36:42.938975 map player=Loda error=HTTPSConnectionPool(host='api.opendota.com', port=443): Read timed out. (read timeout=30)
2026-07-16T08:12:44.210760 map player=Cloud error=HTTPSConnectionPool(host='api.opendota.com', port=443): Read timed out. (read timeout=30)
2026-07-16T08:46:17.794634 map player=lpc error=HTTPSConnectionPool(host='api.opendota.com', port=443): Read timed out. (read timeout=30)
2026-07-16T09:15:00.160220 map player=GodKid-17 error=HTTPSConnectionPool(host='api.opendota.com', port=443): Read timed out. (read timeout=30)
2026-07-16T09:37:26.806278 game_id=4209178767 error=('Connection aborted.', ConnectionResetError(10054, 'An existing connection was forcibly closed by the remote host', None, 10054, None))
2026-07-18T09:50:45.174573 map player=Cry error=HTTPSConnectionPool(host='api.opendota.com', port=443): Read timed out. (read timeout=30)
2026-07-18T10:14:34.478704 map player=mool error=('Connection aborted.', ConnectionResetError(10054, 'An existing connection was forcibly closed by the remote host', None, 10054, None))
2026-07-18T10:31:31.560338 map player=J3r error=('Connection aborted.', ConnectionResetError(10054, 'An existing connection was forcibly closed by the remote host', None, 10054, None))
2026-07-19T02:29:52.983374 map player=GOD__Z error=HTTPSConnectionPool(host='api.opendota.com', port=443): Read timed out. (read timeout=30)
2026-07-19T02:30:28.474808 map player=GOD__Z error=HTTPSConnectionPool(host='api.opendota.com', port=443): Read timed out. (read timeout=30)
2026-07-19T02:31:04.060718 map player=GOD__Z error=HTTPSConnectionPool(host='api.opendota.com', port=443): Read timed out. (read timeout=30)
2026-07-19T02:31:39.539991 map player=GOD__Z error=HTTPSConnectionPool(host='api.opendota.com', port=443): Read timed out. (read timeout=30)
2026-07-19T02:34:01.031237 map player=s1x error=HTTPSConnectionPool(host='api.opendota.com', port=443): Read timed out. (read timeout=30)
2026-07-19T02:34:36.464674 map player=s1x error=HTTPSConnectionPool(host='api.opendota.com', port=443): Read timed out. (read timeout=30)
2026-07-19T02:35:11.841716 map player=s1x error=HTTPSConnectionPool(host='api.opendota.com', port=443): Read timed out. (read timeout=30)
2026-07-19T02:35:47.201022 map player=s1x error=HTTPSConnectionPool(host='api.opendota.com', port=443): Read timed out. (read timeout=30)
2026-07-19T02:36:22.713689 map player=s1x error=HTTPSConnectionPool(host='api.opendota.com', port=443): Read timed out. (read timeout=30)
2026-07-19T02:36:58.130573 map player=s1x error=HTTPSConnectionPool(host='api.opendota.com', port=443): Read timed out. (read timeout=30)
2026-07-19T02:37:33.569970 map player=s1x error=HTTPSConnectionPool(host='api.opendota.com', port=443): Read timed out. (read timeout=30)
2026-07-19T02:38:09.072902 map player=s1x error=HTTPSConnectionPool(host='api.opendota.com', port=443): Read timed out. (read timeout=30)
2026-07-19T02:38:44.575525 map player=s1x error=HTTPSConnectionPool(host='api.opendota.com', port=443): Read timed out. (read timeout=30)
2026-07-19T02:41:13.212283 map player=hao error=HTTPSConnectionPool(host='api.opendota.com', port=443): Read timed out. (read timeout=30)
2026-07-19T02:41:48.594081 map player=hao error=HTTPSConnectionPool(host='api.opendota.com', port=443): Read timed out. (read timeout=30)
2026-07-19T02:42:24.082447 map player=hao error=HTTPSConnectionPool(host='api.opendota.com', port=443): Read timed out. (read timeout=30)
2026-07-19T02:42:59.617972 map player=hao error=HTTPSConnectionPool(host='api.opendota.com', port=443): Read timed out. (read timeout=30)
2026-07-19T02:48:56.485553+00:00 map player=tema123321 error=HTTPSConnectionPool(host='api.opendota.com', port=443): Read timed out. (read timeout=30)
2026-07-19T02:49:31.923848+00:00 map player=tema123321 error=HTTPSConnectionPool(host='api.opendota.com', port=443): Read timed out. (read timeout=30)
2026-07-19T02:50:07.447840+00:00 map player=tema123321 error=HTTPSConnectionPool(host='api.opendota.com', port=443): Read timed out. (read timeout=30)
2026-07-19T02:50:43.002840+00:00 map player=tema123321 error=HTTPSConnectionPool(host='api.opendota.com', port=443): Read timed out. (read timeout=30)
2026-07-19T02:51:18.499928+00:00 map player=tema123321 error=HTTPSConnectionPool(host='api.opendota.com', port=443): Read timed out. (read timeout=30)
2026-07-19T02:51:54.038002+00:00 map player=ArtStyle error=HTTPSConnectionPool(host='api.opendota.com', port=443): Read timed out. (read timeout=30)
2026-07-19T02:52:29.540482+00:00 map player=ArtStyle error=HTTPSConnectionPool(host='api.opendota.com', port=443): Read timed out. (read timeout=30)
2026-07-19T02:53:05.074540+00:00 map player=ArtStyle error=HTTPSConnectionPool(host='api.opendota.com', port=443): Read timed out. (read timeout=30)
2026-07-19T02:53:40.555548+00:00 map player=ArtStyle error=HTTPSConnectionPool(host='api.opendota.com', port=443): Read timed out. (read timeout=30)
2026-07-19T02:54:16.044977+00:00 map player=ArtStyle error=HTTPSConnectionPool(host='api.opendota.com', port=443): Read timed out. (read timeout=30)
2026-07-19T02:54:51.425854+00:00 map player=ArtStyle error=HTTPSConnectionPool(host='api.opendota.com', port=443): Read timed out. (read timeout=30)
2026-07-19T02:55:26.907986+00:00 map player=ArtStyle error=HTTPSConnectionPool(host='api.opendota.com', port=443): Read timed out. (read timeout=30)
2026-07-19T02:56:02.401427+00:00 map player=ArtStyle error=HTTPSConnectionPool(host='api.opendota.com', port=443): Read timed out. (read timeout=30)
2026-07-19T02:56:37.870518+00:00 map player=ArtStyle error=HTTPSConnectionPool(host='api.opendota.com', port=443): Read timed out. (read timeout=30)
2026-07-19T02:57:13.426666+00:00 map player=ArtStyle error=HTTPSConnectionPool(host='api.opendota.com', port=443): Read timed out. (read timeout=30)
2026-07-19T02:57:48.931718+00:00 map player=ArtStyle error=HTTPSConnectionPool(host='api.opendota.com', port=443): Read timed out. (read timeout=30)
2026-07-19T02:58:24.506641+00:00 map player=ArtStyle error=HTTPSConnectionPool(host='api.opendota.com', port=443): Read timed out. (read timeout=30)
2026-07-19T02:59:00.010197+00:00 map player=ArtStyle error=HTTPSConnectionPool(host='api.opendota.com', port=443): Read timed out. (read timeout=30)
2026-07-19T02:59:35.578215+00:00 map player=ArtStyle error=HTTPSConnectionPool(host='api.opendota.com', port=443): Read timed out. (read timeout=30)
2026-07-19T03:00:10.994182+00:00 map player=ArtStyle error=HTTPSConnectionPool(host='api.opendota.com', port=443): Read timed out. (read timeout=30)
2026-07-19T03:00:46.554651+00:00 map player=ArtStyle error=HTTPSConnectionPool(host='api.opendota.com', port=443): Read timed out. (read timeout=30)
2026-07-19T03:01:22.052474+00:00 map player=ArtStyle error=HTTPSConnectionPool(host='api.opendota.com', port=443): Read timed out. (read timeout=30)
2026-07-19T03:01:57.458523+00:00 map player=ArtStyle error=HTTPSConnectionPool(host='api.opendota.com', port=443): Read timed out. (read timeout=30)
2026-07-19T03:14:53.804894+00:00 map player=door error=HTTPSConnectionPool(host='api.opendota.com', port=443): Read timed out. (read timeout=30)
2026-07-19T03:15:29.324150+00:00 map player=door error=HTTPSConnectionPool(host='api.opendota.com', port=443): Read timed out. (read timeout=30)
2026-07-19T03:16:04.694411+00:00 map player=door error=HTTPSConnectionPool(host='api.opendota.com', port=443): Read timed out. (read timeout=30)
2026-07-19T03:17:39.872874+00:00 map player=DragosD error=HTTPSConnectionPool(host='api.opendota.com', port=443): Read timed out. (read timeout=30)
2026-07-19T03:18:15.391334+00:00 map player=DragosD error=HTTPSConnectionPool(host='api.opendota.com', port=443): Read timed out. (read timeout=30)
2026-07-19T03:18:50.913588+00:00 map player=DragosD error=HTTPSConnectionPool(host='api.opendota.com', port=443): Read timed out. (read timeout=30)
2026-07-19T03:19:26.422668+00:00 map player=Zealoth error=HTTPSConnectionPool(host='api.opendota.com', port=443): Read timed out. (read timeout=30)
2026-07-19T03:20:01.967235+00:00 map player=Zealoth error=HTTPSConnectionPool(host='api.opendota.com', port=443): Read timed out. (read timeout=30)
2026-07-19T03:20:37.550373+00:00 map player=Zealoth error=HTTPSConnectionPool(host='api.opendota.com', port=443): Read timed out. (read timeout=30)
2026-07-19T03:21:13.073157+00:00 map player=Zealoth error=HTTPSConnectionPool(host='api.opendota.com', port=443): Read timed out. (read timeout=30)
2026-07-19T03:21:48.631855+00:00 map player=Zealoth error=HTTPSConnectionPool(host='api.opendota.com', port=443): Read timed out. (read timeout=30)
2026-07-19T03:24:27.190223+00:00 map player=Zealoth error=HTTPSConnectionPool(host='api.opendota.com', port=443): Read timed out. (read timeout=30)
2026-07-19T03:25:02.674582+00:00 map player=Zealoth error=HTTPSConnectionPool(host='api.opendota.com', port=443): Read timed out. (read timeout=30)
2026-07-19T03:25:38.231694+00:00 map player=KXT error=HTTPSConnectionPool(host='api.opendota.com', port=443): Read timed out. (read timeout=30)
2026-07-19T03:28:24.254612+00:00 map player=9impulse error=HTTPSConnectionPool(host='api.opendota.com', port=443): Read timed out. (read timeout=30)
2026-07-19T03:28:59.763607+00:00 map player=9impulse error=HTTPSConnectionPool(host='api.opendota.com', port=443): Read timed out. (read timeout=30)
2026-07-19T03:29:35.295098+00:00 map player=9impulse error=HTTPSConnectionPool(host='api.opendota.com', port=443): Read timed out. (read timeout=30)
2026-07-19T03:30:10.893833+00:00 map player=9impulse error=HTTPSConnectionPool(host='api.opendota.com', port=443): Read timed out. (read timeout=30)
2026-07-19T03:30:46.370668+00:00 map player=9impulse error=HTTPSConnectionPool(host='api.opendota.com', port=443): Read timed out. (read timeout=30)
2026-07-19T03:31:21.975430+00:00 map player=9impulse error=HTTPSConnectionPool(host='api.opendota.com', port=443): Read timed out. (read timeout=30)
2026-07-19T03:31:57.455976+00:00 map player=9impulse error=HTTPSConnectionPool(host='api.opendota.com', port=443): Read timed out. (read timeout=30)
2026-07-19T03:32:32.822561+00:00 map player=9impulse error=HTTPSConnectionPool(host='api.opendota.com', port=443): Read timed out. (read timeout=30)
2026-07-19T03:33:08.753769+00:00 map player=SaloiG error=HTTPSConnectionPool(host='api.opendota.com', port=443): Read timed out. (read timeout=30)
2026-07-19T03:33:44.258494+00:00 map player=SaloiG error=HTTPSConnectionPool(host='api.opendota.com', port=443): Read timed out. (read timeout=30)
2026-07-19T03:34:19.694277+00:00 map player=SaloiG error=HTTPSConnectionPool(host='api.opendota.com', port=443): Read timed out. (read timeout=30)
2026-07-19T03:34:55.154496+00:00 map player=SaloiG error=HTTPSConnectionPool(host='api.opendota.com', port=443): Read timed out. (read timeout=30)
2026-07-19T03:35:30.545655+00:00 map player=SaloiG error=HTTPSConnectionPool(host='api.opendota.com', port=443): Read timed out. (read timeout=30)
2026-07-19T03:36:06.022446+00:00 map player=SaloiG error=HTTPSConnectionPool(host='api.opendota.com', port=443): Read timed out. (read timeout=30)
2026-07-19T03:36:41.468065+00:00 map player=SaloiG error=HTTPSConnectionPool(host='api.opendota.com', port=443): Read timed out. (read timeout=30)
2026-07-19T07:58:20.640488+00:00 map player=Yor error=HTTPSConnectionPool(host='api.opendota.com', port=443): Read timed out. (read timeout=30)
2026-07-19T08:08:43.751245+00:00 map player=Alren error=('Connection aborted.', ConnectionResetError(10054, 'An existing connection was forcibly closed by the remote host', None, 10054, None))
2026-07-19T08:16:15.331959+00:00 map player=Alren error=HTTPSConnectionPool(host='api.opendota.com', port=443): Read timed out. (read timeout=30)
2026-07-19T08:17:12.320717+00:00 map player=Alren error=HTTPSConnectionPool(host='api.opendota.com', port=443): Read timed out. (read timeout=30)
2026-07-19T08:18:26.655921+00:00 map player=Alren error=HTTPSConnectionPool(host='api.opendota.com', port=443): Read timed out. (read timeout=30)
2026-07-19T08:19:02.982248+00:00 map player=Alren error=HTTPSConnectionPool(host='api.opendota.com', port=443): Read timed out. (read timeout=30)
2026-07-19T08:19:39.196968+00:00 map player=Alren error=HTTPSConnectionPool(host='api.opendota.com', port=443): Read timed out. (read timeout=30)
2026-07-19T08:20:15.409772+00:00 map player=Alren error=HTTPSConnectionPool(host='api.opendota.com', port=443): Read timed out. (read timeout=30)
2026-07-19T08:20:51.569136+00:00 map player=Alren error=HTTPSConnectionPool(host='api.opendota.com', port=443): Read timed out. (read timeout=30)
2026-07-19T08:21:27.921927+00:00 map player=Alren error=HTTPSConnectionPool(host='api.opendota.com', port=443): Read timed out. (read timeout=30)
2026-07-19T08:22:04.088899+00:00 map player=Alren error=HTTPSConnectionPool(host='api.opendota.com', port=443): Read timed out. (read timeout=30)
2026-07-19T08:22:40.362387+00:00 map player=Alren error=HTTPSConnectionPool(host='api.opendota.com', port=443): Read timed out. (read timeout=30)
2026-07-19T08:23:16.684316+00:00 map player=Alren error=HTTPSConnectionPool(host='api.opendota.com', port=443): Read timed out. (read timeout=30)
2026-07-19T08:23:52.976048+00:00 map player=Alren error=HTTPSConnectionPool(host='api.opendota.com', port=443): Read timed out. (read timeout=30)
2026-07-19T08:24:04.428707+00:00 map player=Alren error=('Connection aborted.', ConnectionResetError(10054, 'An existing connection was forcibly closed by the remote host', None, 10054, None))
2026-07-19T08:24:41.484587+00:00 map player=Alren error=HTTPSConnectionPool(host='api.opendota.com', port=443): Read timed out. (read timeout=30)
2026-07-19T08:25:21.571879+00:00 map player=Alren error=HTTPSConnectionPool(host='api.opendota.com', port=443): Read timed out. (read timeout=30)
2026-07-19T08:28:15.801744+00:00 map player=Alren error=HTTPSConnectionPool(host='api.opendota.com', port=443): Read timed out. (read timeout=30)
2026-07-19T08:28:52.156268+00:00 map player=Iroha error=HTTPSConnectionPool(host='api.opendota.com', port=443): Read timed out. (read timeout=30)
2026-07-19T08:29:28.290126+00:00 map player=Iroha error=HTTPSConnectionPool(host='api.opendota.com', port=443): Read timed out. (read timeout=30)
2026-07-19T08:30:04.549662+00:00 map player=Iroha error=HTTPSConnectionPool(host='api.opendota.com', port=443): Read timed out. (read timeout=30)
2026-07-19T08:30:40.652881+00:00 map player=Iroha error=HTTPSConnectionPool(host='api.opendota.com', port=443): Read timed out. (read timeout=30)
2026-07-19T08:31:17.870042+00:00 map player=Iroha error=HTTPSConnectionPool(host='api.opendota.com', port=443): Read timed out. (read timeout=30)
2026-07-19T08:31:54.311262+00:00 map player=Iroha error=HTTPSConnectionPool(host='api.opendota.com', port=443): Read timed out. (read timeout=30)
2026-07-19T08:32:30.596245+00:00 map player=Iroha error=HTTPSConnectionPool(host='api.opendota.com', port=443): Read timed out. (read timeout=30)
2026-07-19T08:33:06.847527+00:00 map player=Iroha error=HTTPSConnectionPool(host='api.opendota.com', port=443): Read timed out. (read timeout=30)
2026-07-19T08:33:43.002814+00:00 map player=Iroha error=HTTPSConnectionPool(host='api.opendota.com', port=443): Read timed out. (read timeout=30)
2026-07-19T08:34:19.135240+00:00 map player=Iroha error=HTTPSConnectionPool(host='api.opendota.com', port=443): Read timed out. (read timeout=30)
2026-07-19T08:34:55.322643+00:00 map player=Iroha error=HTTPSConnectionPool(host='api.opendota.com', port=443): Read timed out. (read timeout=30)
2026-07-19T08:35:31.519458+00:00 map player=Iroha error=HTTPSConnectionPool(host='api.opendota.com', port=443): Read timed out. (read timeout=30)
2026-07-19T08:36:07.777690+00:00 map player=Iroha error=HTTPSConnectionPool(host='api.opendota.com', port=443): Read timed out. (read timeout=30)
2026-07-19T08:36:43.997744+00:00 map player=Iroha error=HTTPSConnectionPool(host='api.opendota.com', port=443): Read timed out. (read timeout=30)
2026-07-19T08:37:20.174325+00:00 map player=Iroha error=HTTPSConnectionPool(host='api.opendota.com', port=443): Read timed out. (read timeout=30)
2026-07-19T08:37:56.336895+00:00 map player=Iroha error=HTTPSConnectionPool(host='api.opendota.com', port=443): Read timed out. (read timeout=30)
2026-07-19T08:38:32.546714+00:00 map player=Iroha error=HTTPSConnectionPool(host='api.opendota.com', port=443): Read timed out. (read timeout=30)
2026-07-19T08:39:08.629109+00:00 map player=xNeveR error=HTTPSConnectionPool(host='api.opendota.com', port=443): Read timed out. (read timeout=30)
2026-07-19T08:39:44.866730+00:00 map player=xNeveR error=HTTPSConnectionPool(host='api.opendota.com', port=443): Read timed out. (read timeout=30)
2026-07-19T08:40:21.015929+00:00 map player=xNeveR error=HTTPSConnectionPool(host='api.opendota.com', port=443): Read timed out. (read timeout=30)
2026-07-19T08:40:57.219655+00:00 map player=xNeveR error=HTTPSConnectionPool(host='api.opendota.com', port=443): Read timed out. (read timeout=30)
2026-07-19T08:41:33.690449+00:00 map player=xNeveR error=HTTPSConnectionPool(host='api.opendota.com', port=443): Read timed out. (read timeout=30)
2026-07-19T08:42:09.890481+00:00 map player=xNeveR error=HTTPSConnectionPool(host='api.opendota.com', port=443): Read timed out. (read timeout=30)
2026-07-19T08:43:27.959914+00:00 map player=adrian9922 error=HTTPSConnectionPool(host='api.opendota.com', port=443): Read timed out. (read timeout=30)
2026-07-19T08:45:03.754165+00:00 map player=Adamsson error=HTTPSConnectionPool(host='api.opendota.com', port=443): Read timed out. (read timeout=30)
2026-07-19T08:45:39.875064+00:00 map player=Adamsson error=HTTPSConnectionPool(host='api.opendota.com', port=443): Read timed out. (read timeout=30)
2026-07-19T08:46:15.999364+00:00 map player=Adamsson error=HTTPSConnectionPool(host='api.opendota.com', port=443): Read timed out. (read timeout=30)
2026-07-19T08:46:52.069945+00:00 map player=Adamsson error=HTTPSConnectionPool(host='api.opendota.com', port=443): Read timed out. (read timeout=30)
2026-07-19T08:47:28.434183+00:00 map player=Adamsson error=HTTPSConnectionPool(host='api.opendota.com', port=443): Read timed out. (read timeout=30)
2026-07-19T08:48:04.547772+00:00 map player=Adamsson error=HTTPSConnectionPool(host='api.opendota.com', port=443): Read timed out. (read timeout=30)
2026-07-19T08:48:40.785113+00:00 map player=Adamsson error=HTTPSConnectionPool(host='api.opendota.com', port=443): Read timed out. (read timeout=30)
2026-07-19T08:49:16.923445+00:00 map player=Adamsson error=HTTPSConnectionPool(host='api.opendota.com', port=443): Read timed out. (read timeout=30)
2026-07-19T08:49:53.464087+00:00 map player=Adamsson error=HTTPSConnectionPool(host='api.opendota.com', port=443): Read timed out. (read timeout=30)
2026-07-19T08:50:29.665891+00:00 map player=Adamsson error=HTTPSConnectionPool(host='api.opendota.com', port=443): Read timed out. (read timeout=30)
2026-07-19T08:51:05.819443+00:00 map player=Adamsson error=HTTPSConnectionPool(host='api.opendota.com', port=443): Read timed out. (read timeout=30)
2026-07-19T08:51:42.021927+00:00 map player=Adamsson error=HTTPSConnectionPool(host='api.opendota.com', port=443): Read timed out. (read timeout=30)
2026-07-19T08:52:18.345808+00:00 map player=Adamsson error=HTTPSConnectionPool(host='api.opendota.com', port=443): Read timed out. (read timeout=30)
2026-07-22T08:52:38.805243+00:00 map player=YuN error=HTTPSConnectionPool(host='api.opendota.com', port=443): Read timed out. (read timeout=30)
2026-07-22T08:54:12.006839+00:00 map player=YuN error=HTTPSConnectionPool(host='api.opendota.com', port=443): Read timed out. (read timeout=30)
2026-07-22T09:14:21.856734+00:00 map player=Sko4 error=('Connection aborted.', ConnectionResetError(10054, 'An existing connection was forcibly closed by the remote host', None, 10054, None))
2026-07-22T09:33:58.046406+00:00 map player=Just Do It error=HTTPSConnectionPool(host='api.opendota.com', port=443): Read timed out. (read timeout=30)
2026-07-24T08:22:59.944256+00:00 game_id=4347472943 error=HTTPSConnectionPool(host='api.opendota.com', port=443): Read timed out. (read timeout=30)
2026-07-24T08:23:25.512743+00:00 game_id=4347566397 error=522 Server Error: <none> for url: https://api.opendota.com/api/matches/4347566397
2026-07-24T08:23:50.086020+00:00 game_id=4349463137 error=522 Server Error: <none> for url: https://api.opendota.com/api/matches/4349463137
2026-07-24T08:24:14.680746+00:00 game_id=4349524207 error=522 Server Error: <none> for url: https://api.opendota.com/api/matches/4349524207
2026-07-24T08:24:39.238877+00:00 game_id=4349619973 error=522 Server Error: <none> for url: https://api.opendota.com/api/matches/4349619973
2026-07-24T08:25:03.936804+00:00 game_id=4349717315 error=522 Server Error: <none> for url: https://api.opendota.com/api/matches/4349717315
2026-07-24T08:25:28.405203+00:00 game_id=4349774156 error=522 Server Error: <none> for url: https://api.opendota.com/api/matches/4349774156
2026-07-24T08:25:44.920281+00:00 game_id=4349909776 error=521 Server Error: <none> for url: https://api.opendota.com/api/matches/4349909776
2026-07-24T08:26:58.209330+00:00 map player=tlepovn error=HTTPSConnectionPool(host='api.opendota.com', port=443): Read timed out. (read timeout=30)
2026-07-24T08:27:34.193091+00:00 map player=tlepovn error=HTTPSConnectionPool(host='api.opendota.com', port=443): Read timed out. (read timeout=30)
2026-07-24T08:28:10.192842+00:00 map player=Sompi485 error=HTTPSConnectionPool(host='api.opendota.com', port=443): Read timed out. (read timeout=30)
2026-07-24T08:28:46.188464+00:00 map player=Sompi485 error=HTTPSConnectionPool(host='api.opendota.com', port=443): Read timed out. (read timeout=30)
2026-07-24T08:29:22.042446+00:00 map player=Sompi485 error=HTTPSConnectionPool(host='api.opendota.com', port=443): Read timed out. (read timeout=30)
2026-07-24T08:29:57.979680+00:00 map player=Sompi485 error=HTTPSConnectionPool(host='api.opendota.com', port=443): Read timed out. (read timeout=30)
2026-07-24T08:30:34.101580+00:00 map player=Sompi485 error=HTTPSConnectionPool(host='api.opendota.com', port=443): Read timed out. (read timeout=30)
2026-07-24T08:31:10.089301+00:00 map player=Sompi485 error=HTTPSConnectionPool(host='api.opendota.com', port=443): Read timed out. (read timeout=30)
2026-07-24T08:31:46.216423+00:00 map player=Sompi485 error=HTTPSConnectionPool(host='api.opendota.com', port=443): Read timed out. (read timeout=30)
2026-07-24T08:32:22.393873+00:00 map player=worstsup error=HTTPSConnectionPool(host='api.opendota.com', port=443): Read timed out. (read timeout=30)
2026-07-24T08:32:58.397261+00:00 map player=worstsup error=HTTPSConnectionPool(host='api.opendota.com', port=443): Read timed out. (read timeout=30)
2026-07-24T08:36:02.904485+00:00 map player=ssyy error=HTTPSConnectionPool(host='api.opendota.com', port=443): Read timed out. (read timeout=30)
2026-07-24T08:42:50.302324+00:00 map player=No[o]ne error=HTTPSConnectionPool(host='api.opendota.com', port=443): Read timed out. (read timeout=30)
2026-07-24T08:45:06.785021+00:00 map player=No[o]ne error=HTTPSConnectionPool(host='api.opendota.com', port=443): Read timed out. (read timeout=30)
2026-07-24T08:45:42.894059+00:00 map player=No[o]ne error=HTTPSConnectionPool(host='api.opendota.com', port=443): Read timed out. (read timeout=30)
2026-07-24T08:46:18.952837+00:00 map player=No[o]ne error=HTTPSConnectionPool(host='api.opendota.com', port=443): Read timed out. (read timeout=30)
2026-07-24T08:46:55.159538+00:00 map player=No[o]ne error=HTTPSConnectionPool(host='api.opendota.com', port=443): Read timed out. (read timeout=30)
2026-07-24T08:47:31.340912+00:00 map player=No[o]ne error=HTTPSConnectionPool(host='api.opendota.com', port=443): Read timed out. (read timeout=30)
2026-07-24T08:48:07.458391+00:00 map player=No[o]ne error=HTTPSConnectionPool(host='api.opendota.com', port=443): Read timed out. (read timeout=30)
2026-07-24T08:48:43.634250+00:00 map player=No[o]ne error=HTTPSConnectionPool(host='api.opendota.com', port=443): Read timed out. (read timeout=30)
2026-07-24T08:49:19.795803+00:00 map player=No[o]ne error=HTTPSConnectionPool(host='api.opendota.com', port=443): Read timed out. (read timeout=30)
2026-07-24T08:49:55.905904+00:00 map player=No[o]ne error=HTTPSConnectionPool(host='api.opendota.com', port=443): Read timed out. (read timeout=30)
2026-07-24T08:50:32.255700+00:00 map player=No[o]ne error=HTTPSConnectionPool(host='api.opendota.com', port=443): Read timed out. (read timeout=30)
2026-07-24T08:51:08.423471+00:00 map player=No[o]ne error=HTTPSConnectionPool(host='api.opendota.com', port=443): Read timed out. (read timeout=30)
2026-07-24T08:51:44.525067+00:00 map player=No[o]ne error=HTTPSConnectionPool(host='api.opendota.com', port=443): Read timed out. (read timeout=30)
2026-07-24T08:52:20.644245+00:00 map player=No[o]ne error=HTTPSConnectionPool(host='api.opendota.com', port=443): Read timed out. (read timeout=30)
2026-07-24T08:52:56.834827+00:00 map player=No[o]ne error=HTTPSConnectionPool(host='api.opendota.com', port=443): Read timed out. (read timeout=30)
2026-07-24T08:53:32.899424+00:00 map player=No[o]ne error=HTTPSConnectionPool(host='api.opendota.com', port=443): Read timed out. (read timeout=30)
2026-07-24T08:54:09.035915+00:00 map player=No[o]ne error=HTTPSConnectionPool(host='api.opendota.com', port=443): Read timed out. (read timeout=30)
2026-08-04T02:20:16.610994+00:00 map player=DarkMago error=('Connection aborted.', ConnectionResetError(10054, 'An existing connection was forcibly closed by the remote host', None, 10054, None))
2026-08-05T02:02:01.240242+00:00 map player=jieang error=HTTPSConnectionPool(host='api.opendota.com', port=443): Read timed out. (read timeout=30)
2026-08-05T02:04:26.576930+00:00 map player=jieang error=HTTPSConnectionPool(host='api.opendota.com', port=443): Read timed out. (read timeout=30)
2026-08-05T02:12:36.477316+00:00 map player=jieang error=HTTPSConnectionPool(host='api.opendota.com', port=443): Read timed out. (read timeout=30)
2026-08-05T02:13:12.778028+00:00 map player=jieang error=HTTPSConnectionPool(host='api.opendota.com', port=443): Read timed out. (read timeout=30)
